// Jest Snapshot v1, https://goo.gl/fbAQLP

exports[`App component renders App 1`] = `
<ContextProvider
  value={
    Object {
      "dispatch": [Function],
      "state": Object {
        "characters": null,
        "page": 1,
        "theme": "light",
      },
    }
  }
>
  <App />
</ContextProvider>
`;
